// Vitest Snapshot v1, https://vitest.dev/guide/snapshot.html

exports[`useUseGetNextPossiblePaymentDate > should render successfully 1`] = `
{
  "date": "2023-08-24",
}
`;
