// Vitest Snapshot v1, https://vitest.dev/guide/snapshot.html

exports[`useGetTopLevelOptions > should render successfully 1`] = `
{
  "contactLink": "https://www.bambu.life",
  "incomeThreshold": 100000,
  "retireeSavingsThreshold": 100000,
}
`;
