// Vitest Snapshot v1, https://vitest.dev/guide/snapshot.html

exports[`useCancelDirectDebitMandate > should render successfully 1`] = `""`;
