// Vitest Snapshot v1, https://vitest.dev/guide/snapshot.html

exports[`useGetPreferences > should render successfully 1`] = `
{
  "createdAt": "2023-12-17T03:24:00",
  "minimumAnnualIncomeThreshold": 111111,
  "minimumRetirementSavingsThreshold": 222222,
  "updatedAt": "2023-12-17T03:24:00",
}
`;
