// Vitest Snapshot v1, https://vitest.dev/guide/snapshot.html

exports[`BrandAndSubdomain > getSubdomain > should return the correct response 1`] = `
{
  "subdomain": "",
  "tradeName": "",
}
`;
